com\example\interfaz\service\SongFilterService.class
com\example\interfaz\event\DownloadEvent.class
com\example\interfaz\controller\ProgressManager.class
com\example\interfaz\util\FileUtils.class
com\example\interfaz\download\QueueManager.class
com\example\interfaz\factory\ServiceFactory.class
com\example\interfaz\controller\ProgressController.class
com\example\interfaz\event\DownloadEvent$DownloadStarted.class
com\example\interfaz\service\filter\TitleNormalizer.class
com\example\interfaz\event\DownloadEvent$DownloadCompleted.class
com\example\interfaz\service\YouTubeDownloadService$1.class
com\example\interfaz\service\FilterService.class
com\example\interfaz\service\LogService$1.class
com\example\interfaz\controller\LogsController.class
com\example\interfaz\config\ConfigurationManager.class
com\example\interfaz\util\ProgressParser$ProgressInfo.class
com\example\interfaz\controller\QueueController.class
com\example\interfaz\model\Song.class
com\example\interfaz\service\LogService.class
com\example\interfaz\controller\MainController.class
com\example\interfaz\service\ProgressReporter.class
com\example\interfaz\config\AppConfig.class
com\example\interfaz\controller\EventHandler.class
com\example\interfaz\controller\EventHandler$1.class
com\example\interfaz\service\filter\SimilarityCalculator.class
com\example\interfaz\event\DownloadEvent$DownloadProgress.class
com\example\interfaz\app\Main.class
com\example\interfaz\service\filter\DuplicateFinder.class
com\example\interfaz\util\ProgressParser.class
com\example\interfaz\service\YouTubeDownloadService.class
com\example\interfaz\event\EventPublisher.class
com\example\interfaz\service\LogService$2.class
com\example\interfaz\event\EventBus.class
com\example\interfaz\service\DownloadService.class
com\example\interfaz\controller\UIStateManager.class
com\example\interfaz\event\DownloadEvent$DownloadFailed.class
