E:\IdeaProjects\2024\PROGRAMA JULIAN\Interfaz\interfaz\src\main\java\com\example\interfaz\factory\ServiceFactory.java
E:\IdeaProjects\2024\PROGRAMA JULIAN\Interfaz\interfaz\src\main\java\com\example\interfaz\model\Song.java
E:\IdeaProjects\2024\PROGRAMA JULIAN\Interfaz\interfaz\src\main\java\com\example\interfaz\controller\LogsController.java
E:\IdeaProjects\2024\PROGRAMA JULIAN\Interfaz\interfaz\src\main\java\com\example\interfaz\controller\ProgressManager.java
E:\IdeaProjects\2024\PROGRAMA JULIAN\Interfaz\interfaz\src\main\java\com\example\interfaz\service\filter\SimilarityCalculator.java
E:\IdeaProjects\2024\PROGRAMA JULIAN\Interfaz\interfaz\src\main\java\com\example\interfaz\service\filter\DuplicateFinder.java
E:\IdeaProjects\2024\PROGRAMA JULIAN\Interfaz\interfaz\src\main\java\com\example\interfaz\event\EventPublisher.java
E:\IdeaProjects\2024\PROGRAMA JULIAN\Interfaz\interfaz\src\main\java\com\example\interfaz\service\YouTubeDownloadService.java
E:\IdeaProjects\2024\PROGRAMA JULIAN\Interfaz\interfaz\src\main\java\com\example\interfaz\service\DownloadService.java
E:\IdeaProjects\2024\PROGRAMA JULIAN\Interfaz\interfaz\src\main\java\com\example\interfaz\service\ProgressReporter.java
E:\IdeaProjects\2024\PROGRAMA JULIAN\Interfaz\interfaz\src\main\java\com\example\interfaz\controller\UIStateManager.java
E:\IdeaProjects\2024\PROGRAMA JULIAN\Interfaz\interfaz\src\main\java\com\example\interfaz\controller\MainController.java
E:\IdeaProjects\2024\PROGRAMA JULIAN\Interfaz\interfaz\src\main\java\com\example\interfaz\download\QueueManager.java
E:\IdeaProjects\2024\PROGRAMA JULIAN\Interfaz\interfaz\src\main\java\com\example\interfaz\controller\ProgressController.java
E:\IdeaProjects\2024\PROGRAMA JULIAN\Interfaz\interfaz\src\main\java\com\example\interfaz\service\LogService.java
E:\IdeaProjects\2024\PROGRAMA JULIAN\Interfaz\interfaz\src\main\java\com\example\interfaz\util\ProgressParser.java
E:\IdeaProjects\2024\PROGRAMA JULIAN\Interfaz\interfaz\src\main\java\com\example\interfaz\service\filter\TitleNormalizer.java
E:\IdeaProjects\2024\PROGRAMA JULIAN\Interfaz\interfaz\src\main\java\com\example\interfaz\controller\EventHandler.java
E:\IdeaProjects\2024\PROGRAMA JULIAN\Interfaz\interfaz\src\main\java\com\example\interfaz\event\DownloadEvent.java
E:\IdeaProjects\2024\PROGRAMA JULIAN\Interfaz\interfaz\src\main\java\com\example\interfaz\config\AppConfig.java
E:\IdeaProjects\2024\PROGRAMA JULIAN\Interfaz\interfaz\src\main\java\com\example\interfaz\controller\QueueController.java
E:\IdeaProjects\2024\PROGRAMA JULIAN\Interfaz\interfaz\src\main\java\com\example\interfaz\service\FilterService.java
E:\IdeaProjects\2024\PROGRAMA JULIAN\Interfaz\interfaz\src\main\java\com\example\interfaz\config\ConfigurationManager.java
E:\IdeaProjects\2024\PROGRAMA JULIAN\Interfaz\interfaz\src\main\java\com\example\interfaz\service\SongFilterService.java
E:\IdeaProjects\2024\PROGRAMA JULIAN\Interfaz\interfaz\src\main\java\com\example\interfaz\event\EventBus.java
E:\IdeaProjects\2024\PROGRAMA JULIAN\Interfaz\interfaz\src\main\java\com\example\interfaz\util\FileUtils.java
E:\IdeaProjects\2024\PROGRAMA JULIAN\Interfaz\interfaz\src\main\java\com\example\interfaz\app\Main.java
